root - WARNING - This is WARNING
root - ERROR - This is ERROR message.
root - CRITICAL - This is CRITICAL message.
root - WARNING - 0
root - ERROR - This is ERROR message.
root - CRITICAL - This is CRITICAL message.
root - WARNING - 0
root - ERROR - This is ERROR message.
root - CRITICAL - This is CRITICAL message.
root - WARNING - 0
root - ERROR - This is ERROR message.
root - CRITICAL - This is CRITICAL message.
root - WARNING - 0
root - ERROR - This is ERROR message.
root - CRITICAL - This is CRITICAL message.
root - WARNING - 0
root - ERROR - This is ERROR message.
root - CRITICAL - This is CRITICAL message.
root - WARNING - 0
root - ERROR - This is ERROR message.
root - CRITICAL - This is CRITICAL message.
